
   0.003879,,ff.init,1,e:\kiro\pioner\fr_sostzak.sct,1
   0.000167,,ff.init,3,e:\kiro\pioner\fr_sostzak.sct,1
   0.000095,,ff.init,5,e:\kiro\pioner\fr_sostzak.sct,1
   0.000061,,ff.init,6,e:\kiro\pioner\fr_sostzak.sct,1
   0.003657,,ff.init,8,e:\kiro\pioner\fr_sostzak.sct,1
   0.001356,,ff.setvisi,3,e:\kiro\pioner\fr_sostzak.sct,2
   0.000118,,ff.setvisi,4,e:\kiro\pioner\fr_sostzak.sct,2
   0.000037,,ff.setvisi,5,e:\kiro\pioner\fr_sostzak.sct,2
   0.000041,,ff.setvisi,6,e:\kiro\pioner\fr_sostzak.sct,2
   0.000048,,ff.setvisi,7,e:\kiro\pioner\fr_sostzak.sct,2
   0.000027,,ff.setvisi,8,e:\kiro\pioner\fr_sostzak.sct,2
   0.000034,,ff.setvisi,15,e:\kiro\pioner\fr_sostzak.sct,2
   0.000032,,ff.setvisi,19,e:\kiro\pioner\fr_sostzak.sct,2
   0.000900,,ff.setvisi,20,e:\kiro\pioner\fr_sostzak.sct,2
   0.000047,,ff.setvisi,21,e:\kiro\pioner\fr_sostzak.sct,2
   0.000180,,ff.keypress,3,e:\kiro\pioner\fr_sostzak.sct,1
   0.000139,,ff.keypress,3,e:\kiro\pioner\fr_sostzak.sct,1
   0.000133,,ff.keypress,3,e:\kiro\pioner\fr_sostzak.sct,1
   0.000329,,ff.keypress,3,e:\kiro\pioner\fr_sostzak.sct,1
   0.000089,,ff.keypress,3,e:\kiro\pioner\fr_sostzak.sct,1
   0.000148,,ff.keypress,3,e:\kiro\pioner\fr_sostzak.sct,1
   0.000164,,ff.keypress,3,e:\kiro\pioner\fr_sostzak.sct,1
   0.000209,,ff.btok.click,1,e:\kiro\pioner\fr_sostzak.sct,1
   0.000034,,ff.btok.click,2,e:\kiro\pioner\fr_sostzak.sct,1
   0.000043,,ff.btok.click,4,e:\kiro\pioner\fr_sostzak.sct,1
   0.000069,,ff.btok.click,7,e:\kiro\pioner\fr_sostzak.sct,1
   0.000079,,ff.btok.click,13,e:\kiro\pioner\fr_sostzak.sct,1
   0.000036,,ff.btok.click,14,e:\kiro\pioner\fr_sostzak.sct,1
   0.000029,,ff.btok.click,18,e:\kiro\pioner\fr_sostzak.sct,1
   0.003754,,ff.btok.click,20,e:\kiro\pioner\fr_sostzak.sct,1
   0.000091,,ff.btok.click,21,e:\kiro\pioner\fr_sostzak.sct,1
   0.257256,,ff.btok.click,22,e:\kiro\pioner\fr_sostzak.sct,1
   0.266999,,ff.btok.click,23,e:\kiro\pioner\fr_sostzak.sct,1
   0.030649,,ff.btok.click,24,e:\kiro\pioner\fr_sostzak.sct,1
   0.000954,,ff.btok.click,25,e:\kiro\pioner\fr_sostzak.sct,1
   0.045838,,ff.btok.click,27,e:\kiro\pioner\fr_sostzak.sct,1
   0.000138,,sqlcn,2,e:\kiro\pioner\sqlcn.fxp,2
   0.017937,,sqlcn,3,e:\kiro\pioner\sqlcn.fxp,2
   0.000077,,sqlcn,4,e:\kiro\pioner\sqlcn.fxp,2
   0.000085,,ff.btok.click,28,e:\kiro\pioner\fr_sostzak.sct,1
   0.000032,,ff.btok.click,29,e:\kiro\pioner\fr_sostzak.sct,1
   0.000032,,ff.btok.click,30,e:\kiro\pioner\fr_sostzak.sct,1
   0.005641,,ff.btok.click,31,e:\kiro\pioner\fr_sostzak.sct,1
   0.000363,,ff.btok.click,33,e:\kiro\pioner\fr_sostzak.sct,1
   0.000222,,ff.btok.click,34,e:\kiro\pioner\fr_sostzak.sct,1
   0.000115,,ff.btok.click,36,e:\kiro\pioner\fr_sostzak.sct,1
   0.000088,,ff.btok.click,37,e:\kiro\pioner\fr_sostzak.sct,1
   0.000077,,ff.btok.click,39,e:\kiro\pioner\fr_sostzak.sct,1
   0.000065,,ff.btok.click,43,e:\kiro\pioner\fr_sostzak.sct,1
   0.000061,,ff.btok.click,44,e:\kiro\pioner\fr_sostzak.sct,1
   0.000066,,ff.btok.click,45,e:\kiro\pioner\fr_sostzak.sct,1
   0.000054,,ff.btok.click,47,e:\kiro\pioner\fr_sostzak.sct,1
   0.024896,,ff.btok.click,51,e:\kiro\pioner\fr_sostzak.sct,1
   0.000084,,ff.btok.click,52,e:\kiro\pioner\fr_sostzak.sct,1
   0.011148,,ff.btok.click,57,e:\kiro\pioner\fr_sostzak.sct,1
   0.000107,,ff.btok.click,59,e:\kiro\pioner\fr_sostzak.sct,1
   0.000039,,ff.btok.click,60,e:\kiro\pioner\fr_sostzak.sct,1
   0.000672,,ff.btok.click,61,e:\kiro\pioner\fr_sostzak.sct,1
   0.000046,,ff.btok.click,62,e:\kiro\pioner\fr_sostzak.sct,1
   0.003745,,ff.btok.click,63,e:\kiro\pioner\fr_sostzak.sct,1
   0.000086,,ff.btok.click,65,e:\kiro\pioner\fr_sostzak.sct,1
   0.000048,,ff.btok.click,66,e:\kiro\pioner\fr_sostzak.sct,1
   0.004161,,ff.btok.click,70,e:\kiro\pioner\fr_sostzak.sct,1
   0.000088,,ff.btok.click,73,e:\kiro\pioner\fr_sostzak.sct,1
   0.000033,,ff.btok.click,74,e:\kiro\pioner\fr_sostzak.sct,1
   0.000029,,ff.btok.click,75,e:\kiro\pioner\fr_sostzak.sct,1
   0.000030,,ff.btok.click,76,e:\kiro\pioner\fr_sostzak.sct,1
   0.000274,,ff.btok.click,77,e:\kiro\pioner\fr_sostzak.sct,1
   0.025208,,ff.btok.click,79,e:\kiro\pioner\fr_sostzak.sct,1
   0.000077,,waitproc,7,e:\kiro\pioner\waitproc.fxp,2
   0.000030,,waitproc,9,e:\kiro\pioner\waitproc.fxp,2
   0.000030,,waitproc,11,e:\kiro\pioner\waitproc.fxp,2
   0.000023,,waitproc,12,e:\kiro\pioner\waitproc.fxp,2
   0.000063,,waitproc,13,e:\kiro\pioner\waitproc.fxp,2
   0.000028,,waitproc,15,e:\kiro\pioner\waitproc.fxp,2
   0.000024,,waitproc,17,e:\kiro\pioner\waitproc.fxp,2
   0.000029,,waitproc,18,e:\kiro\pioner\waitproc.fxp,2
   0.000081,,waitproc,19,e:\kiro\pioner\waitproc.fxp,2
   0.001618,,waitproc,23,e:\kiro\pioner\waitproc.fxp,2
   0.000066,,waitproc,24,e:\kiro\pioner\waitproc.fxp,2
   0.000029,,waitproc,25,e:\kiro\pioner\waitproc.fxp,2
   0.000023,,waitproc,26,e:\kiro\pioner\waitproc.fxp,2
   0.000027,,waitproc,28,e:\kiro\pioner\waitproc.fxp,2
   0.004872,,ff.btok.click,82,e:\kiro\pioner\fr_sostzak.sct,1
   0.077026,,ff.btok.click,83,e:\kiro\pioner\fr_sostzak.sct,1
   0.005721,,ff.btok.click,84,e:\kiro\pioner\fr_sostzak.sct,1
   0.004127,,ff.btok.click,85,e:\kiro\pioner\fr_sostzak.sct,1
   0.005175,,ff.btok.click,86,e:\kiro\pioner\fr_sostzak.sct,1
   0.004009,,ff.btok.click,87,e:\kiro\pioner\fr_sostzak.sct,1
   0.004687,,ff.btok.click,88,e:\kiro\pioner\fr_sostzak.sct,1
   0.003803,,ff.btok.click,90,e:\kiro\pioner\fr_sostzak.sct,1
   0.003616,,ff.btok.click,91,e:\kiro\pioner\fr_sostzak.sct,1
   0.003294,,ff.btok.click,93,e:\kiro\pioner\fr_sostzak.sct,1
   0.003625,,ff.btok.click,94,e:\kiro\pioner\fr_sostzak.sct,1
   0.004265,,ff.btok.click,95,e:\kiro\pioner\fr_sostzak.sct,1
   0.002715,,ff.btok.click,98,e:\kiro\pioner\fr_sostzak.sct,1
   0.004147,,ff.btok.click,99,e:\kiro\pioner\fr_sostzak.sct,1
   0.011342,,ff.btok.click,100,e:\kiro\pioner\fr_sostzak.sct,1
   0.003744,,ff.btok.click,101,e:\kiro\pioner\fr_sostzak.sct,1
   0.067036,,ff.btok.click,104,e:\kiro\pioner\fr_sostzak.sct,1
   0.000081,,ff.btok.click,105,e:\kiro\pioner\fr_sostzak.sct,1
   0.000035,,ff.btok.click,109,e:\kiro\pioner\fr_sostzak.sct,1
   0.004094,,ff.btok.click,110,e:\kiro\pioner\fr_sostzak.sct,1
   0.000111,,ff.btok.click,111,e:\kiro\pioner\fr_sostzak.sct,1
   0.504777,,ff.btok.click,114,e:\kiro\pioner\fr_sostzak.sct,1
   0.000141,,ff.btok.click,115,e:\kiro\pioner\fr_sostzak.sct,1
   0.000076,,ff.btok.click,119,e:\kiro\pioner\fr_sostzak.sct,1
   0.005125,,ff.btok.click,120,e:\kiro\pioner\fr_sostzak.sct,1
   0.000122,,ff.btok.click,121,e:\kiro\pioner\fr_sostzak.sct,1
   0.231313,,ff.btok.click,125,e:\kiro\pioner\fr_sostzak.sct,1
   0.000255,,ff.btok.click,126,e:\kiro\pioner\fr_sostzak.sct,1
   0.000033,,ff.btok.click,130,e:\kiro\pioner\fr_sostzak.sct,1
   0.011959,,ff.btok.click,131,e:\kiro\pioner\fr_sostzak.sct,1
   0.000119,,ff.btok.click,132,e:\kiro\pioner\fr_sostzak.sct,1
   0.002467,,ff.btok.click,135,e:\kiro\pioner\fr_sostzak.sct,1
   0.000089,,ff.btok.click,136,e:\kiro\pioner\fr_sostzak.sct,1
   0.000034,,ff.btok.click,140,e:\kiro\pioner\fr_sostzak.sct,1
   0.004092,,ff.btok.click,141,e:\kiro\pioner\fr_sostzak.sct,1
   0.000119,,ff.btok.click,142,e:\kiro\pioner\fr_sostzak.sct,1
   0.000040,,ff.btok.click,144,e:\kiro\pioner\fr_sostzak.sct,1
   0.000032,,ff.btok.click,145,e:\kiro\pioner\fr_sostzak.sct,1
   0.000035,,ff.btok.click,146,e:\kiro\pioner\fr_sostzak.sct,1
   0.011698,,ff.btok.click,79,e:\kiro\pioner\fr_sostzak.sct,1
   0.000068,,waitproc,7,e:\kiro\pioner\waitproc.fxp,2
   0.000031,,waitproc,9,e:\kiro\pioner\waitproc.fxp,2
   0.000037,,waitproc,11,e:\kiro\pioner\waitproc.fxp,2
   0.000029,,waitproc,12,e:\kiro\pioner\waitproc.fxp,2
   0.000054,,waitproc,13,e:\kiro\pioner\waitproc.fxp,2
   0.000029,,waitproc,15,e:\kiro\pioner\waitproc.fxp,2
   0.000026,,waitproc,17,e:\kiro\pioner\waitproc.fxp,2
   0.000027,,waitproc,18,e:\kiro\pioner\waitproc.fxp,2
   0.000055,,waitproc,19,e:\kiro\pioner\waitproc.fxp,2
   0.005717,,waitproc,23,e:\kiro\pioner\waitproc.fxp,2
   0.000262,,waitproc,24,e:\kiro\pioner\waitproc.fxp,2
   0.000118,,waitproc,25,e:\kiro\pioner\waitproc.fxp,2
   0.000051,,waitproc,26,e:\kiro\pioner\waitproc.fxp,2
   0.000041,,waitproc,28,e:\kiro\pioner\waitproc.fxp,2
   0.006771,,ff.btok.click,82,e:\kiro\pioner\fr_sostzak.sct,1
   0.003599,,ff.btok.click,83,e:\kiro\pioner\fr_sostzak.sct,1
   0.003686,,ff.btok.click,84,e:\kiro\pioner\fr_sostzak.sct,1
   0.003538,,ff.btok.click,85,e:\kiro\pioner\fr_sostzak.sct,1
   0.002967,,ff.btok.click,86,e:\kiro\pioner\fr_sostzak.sct,1
   0.003457,,ff.btok.click,87,e:\kiro\pioner\fr_sostzak.sct,1
   0.003843,,ff.btok.click,88,e:\kiro\pioner\fr_sostzak.sct,1
   0.003073,,ff.btok.click,90,e:\kiro\pioner\fr_sostzak.sct,1
   0.002836,,ff.btok.click,91,e:\kiro\pioner\fr_sostzak.sct,1
   0.002102,,ff.btok.click,93,e:\kiro\pioner\fr_sostzak.sct,1
   0.003243,,ff.btok.click,94,e:\kiro\pioner\fr_sostzak.sct,1
   0.002860,,ff.btok.click,95,e:\kiro\pioner\fr_sostzak.sct,1
   0.002902,,ff.btok.click,98,e:\kiro\pioner\fr_sostzak.sct,1
   0.002551,,ff.btok.click,99,e:\kiro\pioner\fr_sostzak.sct,1
   0.004568,,ff.btok.click,100,e:\kiro\pioner\fr_sostzak.sct,1
   0.004224,,ff.btok.click,101,e:\kiro\pioner\fr_sostzak.sct,1
   0.083596,,ff.btok.click,104,e:\kiro\pioner\fr_sostzak.sct,1
   0.000151,,ff.btok.click,105,e:\kiro\pioner\fr_sostzak.sct,1
   0.000035,,ff.btok.click,109,e:\kiro\pioner\fr_sostzak.sct,1
   0.006473,,ff.btok.click,110,e:\kiro\pioner\fr_sostzak.sct,1
   0.000111,,ff.btok.click,111,e:\kiro\pioner\fr_sostzak.sct,1
   0.346471,,ff.btok.click,114,e:\kiro\pioner\fr_sostzak.sct,1
   0.000187,,ff.btok.click,115,e:\kiro\pioner\fr_sostzak.sct,1
   0.000039,,ff.btok.click,119,e:\kiro\pioner\fr_sostzak.sct,1
   0.007892,,ff.btok.click,120,e:\kiro\pioner\fr_sostzak.sct,1
   0.000142,,ff.btok.click,121,e:\kiro\pioner\fr_sostzak.sct,1
   0.205001,,ff.btok.click,125,e:\kiro\pioner\fr_sostzak.sct,1
   0.000156,,ff.btok.click,126,e:\kiro\pioner\fr_sostzak.sct,1
   0.000036,,ff.btok.click,130,e:\kiro\pioner\fr_sostzak.sct,1
   0.005928,,ff.btok.click,131,e:\kiro\pioner\fr_sostzak.sct,1
   0.000160,,ff.btok.click,132,e:\kiro\pioner\fr_sostzak.sct,1
   0.001576,,ff.btok.click,135,e:\kiro\pioner\fr_sostzak.sct,1
   0.000073,,ff.btok.click,136,e:\kiro\pioner\fr_sostzak.sct,1
   0.000033,,ff.btok.click,140,e:\kiro\pioner\fr_sostzak.sct,1
   0.003330,,ff.btok.click,141,e:\kiro\pioner\fr_sostzak.sct,1
   0.000095,,ff.btok.click,142,e:\kiro\pioner\fr_sostzak.sct,1
   0.000023,,ff.btok.click,144,e:\kiro\pioner\fr_sostzak.sct,1
   0.000092,,ff.btok.click,145,e:\kiro\pioner\fr_sostzak.sct,1
   0.000066,,ff.btok.click,146,e:\kiro\pioner\fr_sostzak.sct,1
   0.012016,,ff.btok.click,79,e:\kiro\pioner\fr_sostzak.sct,1
   0.006168,,waitproc,7,e:\kiro\pioner\waitproc.fxp,2
   0.000079,,waitproc,9,e:\kiro\pioner\waitproc.fxp,2
   0.000035,,waitproc,11,e:\kiro\pioner\waitproc.fxp,2
   0.000028,,waitproc,12,e:\kiro\pioner\waitproc.fxp,2
   0.000065,,waitproc,13,e:\kiro\pioner\waitproc.fxp,2
   0.000034,,waitproc,15,e:\kiro\pioner\waitproc.fxp,2
   0.000033,,waitproc,17,e:\kiro\pioner\waitproc.fxp,2
   0.000040,,waitproc,20,e:\kiro\pioner\waitproc.fxp,2
   0.000028,,waitproc,21,e:\kiro\pioner\waitproc.fxp,2
   0.001233,,waitproc,23,e:\kiro\pioner\waitproc.fxp,2
   0.000068,,waitproc,24,e:\kiro\pioner\waitproc.fxp,2
   0.000026,,waitproc,25,e:\kiro\pioner\waitproc.fxp,2
   0.000023,,waitproc,26,e:\kiro\pioner\waitproc.fxp,2
   0.000028,,waitproc,28,e:\kiro\pioner\waitproc.fxp,2
   0.017627,,ff.btok.click,82,e:\kiro\pioner\fr_sostzak.sct,1
   0.003515,,ff.btok.click,83,e:\kiro\pioner\fr_sostzak.sct,1
   0.003525,,ff.btok.click,84,e:\kiro\pioner\fr_sostzak.sct,1
   0.005367,,ff.btok.click,85,e:\kiro\pioner\fr_sostzak.sct,1
   0.004736,,ff.btok.click,86,e:\kiro\pioner\fr_sostzak.sct,1
   0.002039,,ff.btok.click,87,e:\kiro\pioner\fr_sostzak.sct,1
   0.004728,,ff.btok.click,88,e:\kiro\pioner\fr_sostzak.sct,1
   0.004181,,ff.btok.click,90,e:\kiro\pioner\fr_sostzak.sct,1
   0.002893,,ff.btok.click,91,e:\kiro\pioner\fr_sostzak.sct,1
   0.002140,,ff.btok.click,93,e:\kiro\pioner\fr_sostzak.sct,1
   0.003022,,ff.btok.click,94,e:\kiro\pioner\fr_sostzak.sct,1
   0.002282,,ff.btok.click,95,e:\kiro\pioner\fr_sostzak.sct,1
   0.002713,,ff.btok.click,98,e:\kiro\pioner\fr_sostzak.sct,1
   0.003088,,ff.btok.click,99,e:\kiro\pioner\fr_sostzak.sct,1
   0.012153,,ff.btok.click,100,e:\kiro\pioner\fr_sostzak.sct,1
   0.005148,,ff.btok.click,101,e:\kiro\pioner\fr_sostzak.sct,1
   0.067719,,ff.btok.click,104,e:\kiro\pioner\fr_sostzak.sct,1
   0.000130,,ff.btok.click,105,e:\kiro\pioner\fr_sostzak.sct,1
   0.000038,,ff.btok.click,109,e:\kiro\pioner\fr_sostzak.sct,1
   0.005005,,ff.btok.click,110,e:\kiro\pioner\fr_sostzak.sct,1
   0.000177,,ff.btok.click,111,e:\kiro\pioner\fr_sostzak.sct,1
   0.349125,,ff.btok.click,114,e:\kiro\pioner\fr_sostzak.sct,1
   0.000125,,ff.btok.click,115,e:\kiro\pioner\fr_sostzak.sct,1
   0.000179,,ff.btok.click,119,e:\kiro\pioner\fr_sostzak.sct,1
   0.005967,,ff.btok.click,120,e:\kiro\pioner\fr_sostzak.sct,1
   0.000284,,ff.btok.click,121,e:\kiro\pioner\fr_sostzak.sct,1
   0.172835,,ff.btok.click,125,e:\kiro\pioner\fr_sostzak.sct,1
   0.000374,,ff.btok.click,126,e:\kiro\pioner\fr_sostzak.sct,1
   0.000039,,ff.btok.click,130,e:\kiro\pioner\fr_sostzak.sct,1
   0.005785,,ff.btok.click,131,e:\kiro\pioner\fr_sostzak.sct,1
   0.000119,,ff.btok.click,132,e:\kiro\pioner\fr_sostzak.sct,1
   0.001478,,ff.btok.click,135,e:\kiro\pioner\fr_sostzak.sct,1
   0.000078,,ff.btok.click,136,e:\kiro\pioner\fr_sostzak.sct,1
   0.000037,,ff.btok.click,140,e:\kiro\pioner\fr_sostzak.sct,1
   0.004541,,ff.btok.click,141,e:\kiro\pioner\fr_sostzak.sct,1
   0.000179,,ff.btok.click,142,e:\kiro\pioner\fr_sostzak.sct,1
   0.000041,,ff.btok.click,144,e:\kiro\pioner\fr_sostzak.sct,1
   0.000034,,ff.btok.click,145,e:\kiro\pioner\fr_sostzak.sct,1
   0.000039,,ff.btok.click,146,e:\kiro\pioner\fr_sostzak.sct,1
   0.006092,,ff.btok.click,79,e:\kiro\pioner\fr_sostzak.sct,1
   0.000083,,waitproc,7,e:\kiro\pioner\waitproc.fxp,2
   0.000033,,waitproc,9,e:\kiro\pioner\waitproc.fxp,2
   0.000037,,waitproc,11,e:\kiro\pioner\waitproc.fxp,2
   0.000026,,waitproc,12,e:\kiro\pioner\waitproc.fxp,2
   0.000055,,waitproc,13,e:\kiro\pioner\waitproc.fxp,2
   0.000028,,waitproc,15,e:\kiro\pioner\waitproc.fxp,2
   0.000026,,waitproc,17,e:\kiro\pioner\waitproc.fxp,2
   0.000027,,waitproc,20,e:\kiro\pioner\waitproc.fxp,2
   0.000023,,waitproc,21,e:\kiro\pioner\waitproc.fxp,2
   0.000580,,waitproc,23,e:\kiro\pioner\waitproc.fxp,2
   0.000124,,waitproc,24,e:\kiro\pioner\waitproc.fxp,2
   0.000035,,waitproc,25,e:\kiro\pioner\waitproc.fxp,2
   0.000030,,waitproc,26,e:\kiro\pioner\waitproc.fxp,2
   0.000030,,waitproc,28,e:\kiro\pioner\waitproc.fxp,2
   0.002756,,ff.btok.click,82,e:\kiro\pioner\fr_sostzak.sct,1
   0.004518,,ff.btok.click,83,e:\kiro\pioner\fr_sostzak.sct,1
   0.003776,,ff.btok.click,84,e:\kiro\pioner\fr_sostzak.sct,1
   0.003523,,ff.btok.click,85,e:\kiro\pioner\fr_sostzak.sct,1
   0.002970,,ff.btok.click,86,e:\kiro\pioner\fr_sostzak.sct,1
   0.003647,,ff.btok.click,87,e:\kiro\pioner\fr_sostzak.sct,1
   0.003497,,ff.btok.click,88,e:\kiro\pioner\fr_sostzak.sct,1
   0.003343,,ff.btok.click,90,e:\kiro\pioner\fr_sostzak.sct,1
   0.002777,,ff.btok.click,91,e:\kiro\pioner\fr_sostzak.sct,1
   0.003126,,ff.btok.click,93,e:\kiro\pioner\fr_sostzak.sct,1
   0.003004,,ff.btok.click,94,e:\kiro\pioner\fr_sostzak.sct,1
   0.002976,,ff.btok.click,95,e:\kiro\pioner\fr_sostzak.sct,1
   0.003138,,ff.btok.click,98,e:\kiro\pioner\fr_sostzak.sct,1
   0.003712,,ff.btok.click,99,e:\kiro\pioner\fr_sostzak.sct,1
   0.005094,,ff.btok.click,100,e:\kiro\pioner\fr_sostzak.sct,1
   0.005101,,ff.btok.click,101,e:\kiro\pioner\fr_sostzak.sct,1
   0.034665,,ff.btok.click,104,e:\kiro\pioner\fr_sostzak.sct,1
   0.000078,,ff.btok.click,105,e:\kiro\pioner\fr_sostzak.sct,1
   0.000032,,ff.btok.click,109,e:\kiro\pioner\fr_sostzak.sct,1
   0.017458,,ff.btok.click,110,e:\kiro\pioner\fr_sostzak.sct,1
   0.000759,,ff.btok.click,111,e:\kiro\pioner\fr_sostzak.sct,1
   0.331188,,ff.btok.click,114,e:\kiro\pioner\fr_sostzak.sct,1
   0.000274,,ff.btok.click,115,e:\kiro\pioner\fr_sostzak.sct,1
   0.000039,,ff.btok.click,119,e:\kiro\pioner\fr_sostzak.sct,1
   0.005454,,ff.btok.click,120,e:\kiro\pioner\fr_sostzak.sct,1
   0.000151,,ff.btok.click,121,e:\kiro\pioner\fr_sostzak.sct,1
   0.172997,,ff.btok.click,125,e:\kiro\pioner\fr_sostzak.sct,1
   0.000077,,ff.btok.click,126,e:\kiro\pioner\fr_sostzak.sct,1
   0.000032,,ff.btok.click,130,e:\kiro\pioner\fr_sostzak.sct,1
   0.003438,,ff.btok.click,131,e:\kiro\pioner\fr_sostzak.sct,1
   0.000126,,ff.btok.click,132,e:\kiro\pioner\fr_sostzak.sct,1
   0.001481,,ff.btok.click,135,e:\kiro\pioner\fr_sostzak.sct,1
   0.000088,,ff.btok.click,136,e:\kiro\pioner\fr_sostzak.sct,1
   0.000047,,ff.btok.click,140,e:\kiro\pioner\fr_sostzak.sct,1
   0.003086,,ff.btok.click,141,e:\kiro\pioner\fr_sostzak.sct,1
   0.000102,,ff.btok.click,142,e:\kiro\pioner\fr_sostzak.sct,1
   0.000041,,ff.btok.click,144,e:\kiro\pioner\fr_sostzak.sct,1
   0.000171,,ff.btok.click,145,e:\kiro\pioner\fr_sostzak.sct,1
   0.000056,,ff.btok.click,146,e:\kiro\pioner\fr_sostzak.sct,1
   0.005638,,ff.btok.click,79,e:\kiro\pioner\fr_sostzak.sct,1
   0.000073,,waitproc,7,e:\kiro\pioner\waitproc.fxp,2
   0.000031,,waitproc,9,e:\kiro\pioner\waitproc.fxp,2
   0.000030,,waitproc,11,e:\kiro\pioner\waitproc.fxp,2
   0.000023,,waitproc,12,e:\kiro\pioner\waitproc.fxp,2
   0.000077,,waitproc,13,e:\kiro\pioner\waitproc.fxp,2
   0.000072,,waitproc,15,e:\kiro\pioner\waitproc.fxp,2
   0.000026,,waitproc,17,e:\kiro\pioner\waitproc.fxp,2
   0.000031,,waitproc,20,e:\kiro\pioner\waitproc.fxp,2
   0.000023,,waitproc,21,e:\kiro\pioner\waitproc.fxp,2
   0.000658,,waitproc,23,e:\kiro\pioner\waitproc.fxp,2
   0.000000,,waitproc,24,e:\kiro\pioner\waitproc.fxp,2
   0.000000,,waitproc,25,e:\kiro\pioner\waitproc.fxp,2
   0.000026,,waitproc,26,e:\kiro\pioner\waitproc.fxp,2
   0.000027,,waitproc,28,e:\kiro\pioner\waitproc.fxp,2
   0.003024,,ff.btok.click,82,e:\kiro\pioner\fr_sostzak.sct,1
   0.004898,,ff.btok.click,83,e:\kiro\pioner\fr_sostzak.sct,1
   0.004087,,ff.btok.click,84,e:\kiro\pioner\fr_sostzak.sct,1
   0.005854,,ff.btok.click,85,e:\kiro\pioner\fr_sostzak.sct,1
   0.004712,,ff.btok.click,86,e:\kiro\pioner\fr_sostzak.sct,1
   0.004764,,ff.btok.click,87,e:\kiro\pioner\fr_sostzak.sct,1
   0.003416,,ff.btok.click,88,e:\kiro\pioner\fr_sostzak.sct,1
   0.003840,,ff.btok.click,90,e:\kiro\pioner\fr_sostzak.sct,1
   0.002466,,ff.btok.click,91,e:\kiro\pioner\fr_sostzak.sct,1
   0.002692,,ff.btok.click,93,e:\kiro\pioner\fr_sostzak.sct,1
   0.003129,,ff.btok.click,94,e:\kiro\pioner\fr_sostzak.sct,1
   0.002613,,ff.btok.click,95,e:\kiro\pioner\fr_sostzak.sct,1
   0.003021,,ff.btok.click,98,e:\kiro\pioner\fr_sostzak.sct,1
   0.003122,,ff.btok.click,99,e:\kiro\pioner\fr_sostzak.sct,1
   0.006586,,ff.btok.click,100,e:\kiro\pioner\fr_sostzak.sct,1
   0.005557,,ff.btok.click,101,e:\kiro\pioner\fr_sostzak.sct,1
   0.087274,,ff.btok.click,104,e:\kiro\pioner\fr_sostzak.sct,1
   0.000091,,ff.btok.click,105,e:\kiro\pioner\fr_sostzak.sct,1
   0.000037,,ff.btok.click,109,e:\kiro\pioner\fr_sostzak.sct,1
   0.003686,,ff.btok.click,110,e:\kiro\pioner\fr_sostzak.sct,1
   0.000107,,ff.btok.click,111,e:\kiro\pioner\fr_sostzak.sct,1
   0.351971,,ff.btok.click,114,e:\kiro\pioner\fr_sostzak.sct,1
   0.000122,,ff.btok.click,115,e:\kiro\pioner\fr_sostzak.sct,1
   0.000037,,ff.btok.click,119,e:\kiro\pioner\fr_sostzak.sct,1
   0.005332,,ff.btok.click,120,e:\kiro\pioner\fr_sostzak.sct,1
   0.000110,,ff.btok.click,121,e:\kiro\pioner\fr_sostzak.sct,1
   0.178616,,ff.btok.click,125,e:\kiro\pioner\fr_sostzak.sct,1
   0.000172,,ff.btok.click,126,e:\kiro\pioner\fr_sostzak.sct,1
   0.000035,,ff.btok.click,130,e:\kiro\pioner\fr_sostzak.sct,1
   0.007561,,ff.btok.click,131,e:\kiro\pioner\fr_sostzak.sct,1
   0.000102,,ff.btok.click,132,e:\kiro\pioner\fr_sostzak.sct,1
   0.002098,,ff.btok.click,135,e:\kiro\pioner\fr_sostzak.sct,1
   0.000082,,ff.btok.click,136,e:\kiro\pioner\fr_sostzak.sct,1
   0.000325,,ff.btok.click,140,e:\kiro\pioner\fr_sostzak.sct,1
   0.002795,,ff.btok.click,141,e:\kiro\pioner\fr_sostzak.sct,1
   0.000099,,ff.btok.click,142,e:\kiro\pioner\fr_sostzak.sct,1
   0.000038,,ff.btok.click,144,e:\kiro\pioner\fr_sostzak.sct,1
   0.000031,,ff.btok.click,145,e:\kiro\pioner\fr_sostzak.sct,1
   0.000041,,ff.btok.click,146,e:\kiro\pioner\fr_sostzak.sct,1
   0.004692,,ff.btok.click,79,e:\kiro\pioner\fr_sostzak.sct,1
   0.000060,,waitproc,7,e:\kiro\pioner\waitproc.fxp,2
   0.000031,,waitproc,9,e:\kiro\pioner\waitproc.fxp,2
   0.000034,,waitproc,11,e:\kiro\pioner\waitproc.fxp,2
   0.000028,,waitproc,12,e:\kiro\pioner\waitproc.fxp,2
   0.000059,,waitproc,13,e:\kiro\pioner\waitproc.fxp,2
   0.000027,,waitproc,15,e:\kiro\pioner\waitproc.fxp,2
   0.000024,,waitproc,17,e:\kiro\pioner\waitproc.fxp,2
   0.000027,,waitproc,20,e:\kiro\pioner\waitproc.fxp,2
   0.000022,,waitproc,21,e:\kiro\pioner\waitproc.fxp,2
   0.000547,,waitproc,23,e:\kiro\pioner\waitproc.fxp,2
   0.000094,,waitproc,24,e:\kiro\pioner\waitproc.fxp,2
   0.000035,,waitproc,25,e:\kiro\pioner\waitproc.fxp,2
   0.000026,,waitproc,26,e:\kiro\pioner\waitproc.fxp,2
   0.000026,,waitproc,28,e:\kiro\pioner\waitproc.fxp,2
   0.002578,,ff.btok.click,82,e:\kiro\pioner\fr_sostzak.sct,1
   0.003528,,ff.btok.click,83,e:\kiro\pioner\fr_sostzak.sct,1
   0.004031,,ff.btok.click,84,e:\kiro\pioner\fr_sostzak.sct,1
   0.006181,,ff.btok.click,85,e:\kiro\pioner\fr_sostzak.sct,1
   0.005578,,ff.btok.click,86,e:\kiro\pioner\fr_sostzak.sct,1
   0.002666,,ff.btok.click,87,e:\kiro\pioner\fr_sostzak.sct,1
   0.003848,,ff.btok.click,88,e:\kiro\pioner\fr_sostzak.sct,1
   0.002503,,ff.btok.click,90,e:\kiro\pioner\fr_sostzak.sct,1
   0.003580,,ff.btok.click,91,e:\kiro\pioner\fr_sostzak.sct,1
   0.003722,,ff.btok.click,93,e:\kiro\pioner\fr_sostzak.sct,1
   0.003251,,ff.btok.click,94,e:\kiro\pioner\fr_sostzak.sct,1
   0.002410,,ff.btok.click,95,e:\kiro\pioner\fr_sostzak.sct,1
   0.002608,,ff.btok.click,98,e:\kiro\pioner\fr_sostzak.sct,1
   0.002932,,ff.btok.click,99,e:\kiro\pioner\fr_sostzak.sct,1
   0.003907,,ff.btok.click,100,e:\kiro\pioner\fr_sostzak.sct,1
   0.006254,,ff.btok.click,101,e:\kiro\pioner\fr_sostzak.sct,1
   0.085133,,ff.btok.click,104,e:\kiro\pioner\fr_sostzak.sct,1
   0.000173,,ff.btok.click,105,e:\kiro\pioner\fr_sostzak.sct,1
   0.000038,,ff.btok.click,109,e:\kiro\pioner\fr_sostzak.sct,1
   0.004522,,ff.btok.click,110,e:\kiro\pioner\fr_sostzak.sct,1
   0.000415,,ff.btok.click,111,e:\kiro\pioner\fr_sostzak.sct,1
   0.345810,,ff.btok.click,114,e:\kiro\pioner\fr_sostzak.sct,1
   0.000085,,ff.btok.click,115,e:\kiro\pioner\fr_sostzak.sct,1
   0.000037,,ff.btok.click,119,e:\kiro\pioner\fr_sostzak.sct,1
   0.004637,,ff.btok.click,120,e:\kiro\pioner\fr_sostzak.sct,1
   0.000143,,ff.btok.click,121,e:\kiro\pioner\fr_sostzak.sct,1
   0.176812,,ff.btok.click,125,e:\kiro\pioner\fr_sostzak.sct,1
   0.000436,,ff.btok.click,126,e:\kiro\pioner\fr_sostzak.sct,1
   0.000042,,ff.btok.click,130,e:\kiro\pioner\fr_sostzak.sct,1
   0.004639,,ff.btok.click,131,e:\kiro\pioner\fr_sostzak.sct,1
   0.000145,,ff.btok.click,132,e:\kiro\pioner\fr_sostzak.sct,1
   0.002121,,ff.btok.click,135,e:\kiro\pioner\fr_sostzak.sct,1
   0.000094,,ff.btok.click,136,e:\kiro\pioner\fr_sostzak.sct,1
   0.000034,,ff.btok.click,140,e:\kiro\pioner\fr_sostzak.sct,1
   0.003438,,ff.btok.click,141,e:\kiro\pioner\fr_sostzak.sct,1
   0.000094,,ff.btok.click,142,e:\kiro\pioner\fr_sostzak.sct,1
   0.000117,,ff.btok.click,144,e:\kiro\pioner\fr_sostzak.sct,1
   0.000035,,ff.btok.click,145,e:\kiro\pioner\fr_sostzak.sct,1
   0.000042,,ff.btok.click,146,e:\kiro\pioner\fr_sostzak.sct,1
   0.002052,,ff.btok.click,148,e:\kiro\pioner\fr_sostzak.sct,1
   0.000080,,ff.btok.click,149,e:\kiro\pioner\fr_sostzak.sct,1
   0.001686,,ff.btok.click,153,e:\kiro\pioner\fr_sostzak.sct,1
   0.091140,,ff.btok.click,154,e:\kiro\pioner\fr_sostzak.sct,1
   0.000181,,ff.keypress,3,e:\kiro\pioner\fr_sostzak.sct,1
   0.002051,,ff.btok.click,1,e:\kiro\pioner\fr_sostzak.sct,1
   0.000106,,ff.btok.click,2,e:\kiro\pioner\fr_sostzak.sct,1
   0.000123,,ff.btok.click,4,e:\kiro\pioner\fr_sostzak.sct,1
   0.000045,,ff.btok.click,7,e:\kiro\pioner\fr_sostzak.sct,1
   0.000033,,ff.btok.click,13,e:\kiro\pioner\fr_sostzak.sct,1
   0.000033,,ff.btok.click,14,e:\kiro\pioner\fr_sostzak.sct,1
   0.000029,,ff.btok.click,18,e:\kiro\pioner\fr_sostzak.sct,1
   0.003048,,ff.btok.click,20,e:\kiro\pioner\fr_sostzak.sct,1
   0.000116,,ff.btok.click,21,e:\kiro\pioner\fr_sostzak.sct,1
   0.191712,,ff.btok.click,22,e:\kiro\pioner\fr_sostzak.sct,1
   0.326683,,ff.btok.click,23,e:\kiro\pioner\fr_sostzak.sct,1
   0.020267,,ff.btok.click,24,e:\kiro\pioner\fr_sostzak.sct,1
   0.001077,,ff.btok.click,25,e:\kiro\pioner\fr_sostzak.sct,1
   0.019778,,ff.btok.click,27,e:\kiro\pioner\fr_sostzak.sct,1
   0.000099,,sqlcn,2,e:\kiro\pioner\sqlcn.fxp,2
   0.015341,,sqlcn,3,e:\kiro\pioner\sqlcn.fxp,2
   0.000088,,sqlcn,4,e:\kiro\pioner\sqlcn.fxp,2
   0.000092,,ff.btok.click,28,e:\kiro\pioner\fr_sostzak.sct,1
   0.000032,,ff.btok.click,29,e:\kiro\pioner\fr_sostzak.sct,1
   0.000085,,ff.btok.click,30,e:\kiro\pioner\fr_sostzak.sct,1
   0.004313,,ff.btok.click,31,e:\kiro\pioner\fr_sostzak.sct,1
   0.000253,,ff.btok.click,33,e:\kiro\pioner\fr_sostzak.sct,1
   0.000038,,ff.btok.click,34,e:\kiro\pioner\fr_sostzak.sct,1
   0.001129,,ff.btok.click,36,e:\kiro\pioner\fr_sostzak.sct,1
   0.000058,,ff.btok.click,37,e:\kiro\pioner\fr_sostzak.sct,1
   0.000034,,ff.btok.click,39,e:\kiro\pioner\fr_sostzak.sct,1
   0.000030,,ff.btok.click,43,e:\kiro\pioner\fr_sostzak.sct,1
   0.000088,,ff.btok.click,44,e:\kiro\pioner\fr_sostzak.sct,1
   0.000035,,ff.btok.click,45,e:\kiro\pioner\fr_sostzak.sct,1
   0.000030,,ff.btok.click,47,e:\kiro\pioner\fr_sostzak.sct,1
   0.025733,,ff.btok.click,51,e:\kiro\pioner\fr_sostzak.sct,1
   0.000084,,ff.btok.click,52,e:\kiro\pioner\fr_sostzak.sct,1
   0.009090,,ff.btok.click,57,e:\kiro\pioner\fr_sostzak.sct,1
   0.000101,,ff.btok.click,59,e:\kiro\pioner\fr_sostzak.sct,1
   0.000732,,ff.btok.click,60,e:\kiro\pioner\fr_sostzak.sct,1
   0.000053,,ff.btok.click,61,e:\kiro\pioner\fr_sostzak.sct,1
   0.000034,,ff.btok.click,62,e:\kiro\pioner\fr_sostzak.sct,1
   0.003682,,ff.btok.click,63,e:\kiro\pioner\fr_sostzak.sct,1
   0.000138,,ff.btok.click,65,e:\kiro\pioner\fr_sostzak.sct,1
   0.000075,,ff.btok.click,66,e:\kiro\pioner\fr_sostzak.sct,1
   0.004569,,ff.btok.click,70,e:\kiro\pioner\fr_sostzak.sct,1
   0.000089,,ff.btok.click,73,e:\kiro\pioner\fr_sostzak.sct,1
   0.000041,,ff.btok.click,74,e:\kiro\pioner\fr_sostzak.sct,1
   0.000072,,ff.btok.click,75,e:\kiro\pioner\fr_sostzak.sct,1
   0.000041,,ff.btok.click,76,e:\kiro\pioner\fr_sostzak.sct,1
   0.000054,,ff.btok.click,77,e:\kiro\pioner\fr_sostzak.sct,1
   0.007791,,ff.btok.click,79,e:\kiro\pioner\fr_sostzak.sct,1
   0.000057,,waitproc,7,e:\kiro\pioner\waitproc.fxp,2
   0.000031,,waitproc,9,e:\kiro\pioner\waitproc.fxp,2
   0.000031,,waitproc,11,e:\kiro\pioner\waitproc.fxp,2
   0.000023,,waitproc,12,e:\kiro\pioner\waitproc.fxp,2
   0.000047,,waitproc,13,e:\kiro\pioner\waitproc.fxp,2
   0.000032,,waitproc,15,e:\kiro\pioner\waitproc.fxp,2
   0.000052,,waitproc,17,e:\kiro\pioner\waitproc.fxp,2
   0.000028,,waitproc,18,e:\kiro\pioner\waitproc.fxp,2
   0.000023,,waitproc,19,e:\kiro\pioner\waitproc.fxp,2
   0.003579,,waitproc,23,e:\kiro\pioner\waitproc.fxp,2
   0.000071,,waitproc,24,e:\kiro\pioner\waitproc.fxp,2
   0.000026,,waitproc,25,e:\kiro\pioner\waitproc.fxp,2
   0.000023,,waitproc,26,e:\kiro\pioner\waitproc.fxp,2
   0.000027,,waitproc,28,e:\kiro\pioner\waitproc.fxp,2
   0.004251,,ff.btok.click,82,e:\kiro\pioner\fr_sostzak.sct,1
   0.083407,,ff.btok.click,83,e:\kiro\pioner\fr_sostzak.sct,1
   0.006666,,ff.btok.click,84,e:\kiro\pioner\fr_sostzak.sct,1
   0.004376,,ff.btok.click,85,e:\kiro\pioner\fr_sostzak.sct,1
   0.014580,,ff.btok.click,86,e:\kiro\pioner\fr_sostzak.sct,1
   0.007084,,ff.btok.click,87,e:\kiro\pioner\fr_sostzak.sct,1
   0.007895,,ff.btok.click,88,e:\kiro\pioner\fr_sostzak.sct,1
   0.003766,,ff.btok.click,90,e:\kiro\pioner\fr_sostzak.sct,1
   0.005899,,ff.btok.click,91,e:\kiro\pioner\fr_sostzak.sct,1
   0.003042,,ff.btok.click,93,e:\kiro\pioner\fr_sostzak.sct,1
   0.001951,,ff.btok.click,94,e:\kiro\pioner\fr_sostzak.sct,1
   0.004153,,ff.btok.click,95,e:\kiro\pioner\fr_sostzak.sct,1
   0.002705,,ff.btok.click,98,e:\kiro\pioner\fr_sostzak.sct,1
   0.002727,,ff.btok.click,99,e:\kiro\pioner\fr_sostzak.sct,1
   0.009968,,ff.btok.click,100,e:\kiro\pioner\fr_sostzak.sct,1
   0.006643,,ff.btok.click,101,e:\kiro\pioner\fr_sostzak.sct,1
   0.092095,,ff.btok.click,104,e:\kiro\pioner\fr_sostzak.sct,1
   0.000000,,ff.btok.click,105,e:\kiro\pioner\fr_sostzak.sct,1
   0.000000,,ff.btok.click,109,e:\kiro\pioner\fr_sostzak.sct,1
   0.012639,,ff.btok.click,110,e:\kiro\pioner\fr_sostzak.sct,1
   0.000791,,ff.btok.click,111,e:\kiro\pioner\fr_sostzak.sct,1
   0.363390,,ff.btok.click,114,e:\kiro\pioner\fr_sostzak.sct,1
   0.000165,,ff.btok.click,115,e:\kiro\pioner\fr_sostzak.sct,1
   0.000035,,ff.btok.click,119,e:\kiro\pioner\fr_sostzak.sct,1
   0.006327,,ff.btok.click,120,e:\kiro\pioner\fr_sostzak.sct,1
   0.000185,,ff.btok.click,121,e:\kiro\pioner\fr_sostzak.sct,1
   0.195782,,ff.btok.click,125,e:\kiro\pioner\fr_sostzak.sct,1
   0.000138,,ff.btok.click,126,e:\kiro\pioner\fr_sostzak.sct,1
   0.000034,,ff.btok.click,130,e:\kiro\pioner\fr_sostzak.sct,1
   0.015677,,ff.btok.click,131,e:\kiro\pioner\fr_sostzak.sct,1
   0.000125,,ff.btok.click,132,e:\kiro\pioner\fr_sostzak.sct,1
   0.002827,,ff.btok.click,135,e:\kiro\pioner\fr_sostzak.sct,1
   0.000127,,ff.btok.click,136,e:\kiro\pioner\fr_sostzak.sct,1
   0.000071,,ff.btok.click,140,e:\kiro\pioner\fr_sostzak.sct,1
   0.003693,,ff.btok.click,141,e:\kiro\pioner\fr_sostzak.sct,1
   0.000287,,ff.btok.click,142,e:\kiro\pioner\fr_sostzak.sct,1
   0.000040,,ff.btok.click,144,e:\kiro\pioner\fr_sostzak.sct,1
   0.000033,,ff.btok.click,145,e:\kiro\pioner\fr_sostzak.sct,1
   0.000351,,ff.btok.click,146,e:\kiro\pioner\fr_sostzak.sct,1
   0.007305,,ff.btok.click,79,e:\kiro\pioner\fr_sostzak.sct,1
   0.000116,,waitproc,7,e:\kiro\pioner\waitproc.fxp,2
   0.000048,,waitproc,9,e:\kiro\pioner\waitproc.fxp,2
   0.000037,,waitproc,11,e:\kiro\pioner\waitproc.fxp,2
   0.000026,,waitproc,12,e:\kiro\pioner\waitproc.fxp,2
   0.000149,,waitproc,13,e:\kiro\pioner\waitproc.fxp,2
   0.000030,,waitproc,15,e:\kiro\pioner\waitproc.fxp,2
   0.000028,,waitproc,17,e:\kiro\pioner\waitproc.fxp,2
   0.000030,,waitproc,20,e:\kiro\pioner\waitproc.fxp,2
   0.000026,,waitproc,21,e:\kiro\pioner\waitproc.fxp,2
   0.001862,,waitproc,23,e:\kiro\pioner\waitproc.fxp,2
   0.000087,,waitproc,24,e:\kiro\pioner\waitproc.fxp,2
   0.000029,,waitproc,25,e:\kiro\pioner\waitproc.fxp,2
   0.000026,,waitproc,26,e:\kiro\pioner\waitproc.fxp,2
   0.000055,,waitproc,28,e:\kiro\pioner\waitproc.fxp,2
   0.003758,,ff.btok.click,82,e:\kiro\pioner\fr_sostzak.sct,1
   0.006762,,ff.btok.click,83,e:\kiro\pioner\fr_sostzak.sct,1
   0.003994,,ff.btok.click,84,e:\kiro\pioner\fr_sostzak.sct,1
   0.004470,,ff.btok.click,85,e:\kiro\pioner\fr_sostzak.sct,1
   0.004920,,ff.btok.click,86,e:\kiro\pioner\fr_sostzak.sct,1
   0.007285,,ff.btok.click,87,e:\kiro\pioner\fr_sostzak.sct,1
   0.004046,,ff.btok.click,88,e:\kiro\pioner\fr_sostzak.sct,1
   0.003371,,ff.btok.click,90,e:\kiro\pioner\fr_sostzak.sct,1
   0.003138,,ff.btok.click,91,e:\kiro\pioner\fr_sostzak.sct,1
   0.002600,,ff.btok.click,93,e:\kiro\pioner\fr_sostzak.sct,1
   0.003939,,ff.btok.click,94,e:\kiro\pioner\fr_sostzak.sct,1
   0.002911,,ff.btok.click,95,e:\kiro\pioner\fr_sostzak.sct,1
   0.002721,,ff.btok.click,98,e:\kiro\pioner\fr_sostzak.sct,1
   0.004182,,ff.btok.click,99,e:\kiro\pioner\fr_sostzak.sct,1
   0.003858,,ff.btok.click,100,e:\kiro\pioner\fr_sostzak.sct,1
   0.002448,,ff.btok.click,101,e:\kiro\pioner\fr_sostzak.sct,1
   0.089045,,ff.btok.click,104,e:\kiro\pioner\fr_sostzak.sct,1
   0.000180,,ff.btok.click,105,e:\kiro\pioner\fr_sostzak.sct,1
   0.000034,,ff.btok.click,109,e:\kiro\pioner\fr_sostzak.sct,1
   0.010704,,ff.btok.click,110,e:\kiro\pioner\fr_sostzak.sct,1
   0.000092,,ff.btok.click,111,e:\kiro\pioner\fr_sostzak.sct,1
   0.363589,,ff.btok.click,114,e:\kiro\pioner\fr_sostzak.sct,1
   0.000717,,ff.btok.click,115,e:\kiro\pioner\fr_sostzak.sct,1
   0.000034,,ff.btok.click,119,e:\kiro\pioner\fr_sostzak.sct,1
   0.006935,,ff.btok.click,120,e:\kiro\pioner\fr_sostzak.sct,1
   0.000182,,ff.btok.click,121,e:\kiro\pioner\fr_sostzak.sct,1
   0.170225,,ff.btok.click,125,e:\kiro\pioner\fr_sostzak.sct,1
   0.000393,,ff.btok.click,126,e:\kiro\pioner\fr_sostzak.sct,1
   0.000162,,ff.btok.click,130,e:\kiro\pioner\fr_sostzak.sct,1
   0.004967,,ff.btok.click,131,e:\kiro\pioner\fr_sostzak.sct,1
   0.000106,,ff.btok.click,132,e:\kiro\pioner\fr_sostzak.sct,1
   0.002831,,ff.btok.click,135,e:\kiro\pioner\fr_sostzak.sct,1
   0.000083,,ff.btok.click,136,e:\kiro\pioner\fr_sostzak.sct,1
   0.000032,,ff.btok.click,140,e:\kiro\pioner\fr_sostzak.sct,1
   0.003064,,ff.btok.click,141,e:\kiro\pioner\fr_sostzak.sct,1
   0.000000,,ff.btok.click,142,e:\kiro\pioner\fr_sostzak.sct,1
   0.000000,,ff.btok.click,144,e:\kiro\pioner\fr_sostzak.sct,1
   0.000150,,ff.btok.click,145,e:\kiro\pioner\fr_sostzak.sct,1
   0.000062,,ff.btok.click,146,e:\kiro\pioner\fr_sostzak.sct,1
   0.008370,,ff.btok.click,79,e:\kiro\pioner\fr_sostzak.sct,1
   0.000061,,waitproc,7,e:\kiro\pioner\waitproc.fxp,2
   0.000032,,waitproc,9,e:\kiro\pioner\waitproc.fxp,2
   0.000057,,waitproc,11,e:\kiro\pioner\waitproc.fxp,2
   0.000024,,waitproc,12,e:\kiro\pioner\waitproc.fxp,2
   0.000046,,waitproc,13,e:\kiro\pioner\waitproc.fxp,2
   0.000032,,waitproc,15,e:\kiro\pioner\waitproc.fxp,2
   0.000030,,waitproc,17,e:\kiro\pioner\waitproc.fxp,2
   0.000027,,waitproc,20,e:\kiro\pioner\waitproc.fxp,2
   0.000023,,waitproc,21,e:\kiro\pioner\waitproc.fxp,2
   0.000286,,waitproc,23,e:\kiro\pioner\waitproc.fxp,2
   0.002598,,waitproc,24,e:\kiro\pioner\waitproc.fxp,2
   0.000049,,waitproc,25,e:\kiro\pioner\waitproc.fxp,2
   0.000025,,waitproc,26,e:\kiro\pioner\waitproc.fxp,2
   0.000029,,waitproc,28,e:\kiro\pioner\waitproc.fxp,2
   0.002608,,ff.btok.click,82,e:\kiro\pioner\fr_sostzak.sct,1
   0.003844,,ff.btok.click,83,e:\kiro\pioner\fr_sostzak.sct,1
   0.003922,,ff.btok.click,84,e:\kiro\pioner\fr_sostzak.sct,1
   0.004194,,ff.btok.click,85,e:\kiro\pioner\fr_sostzak.sct,1
   0.004628,,ff.btok.click,86,e:\kiro\pioner\fr_sostzak.sct,1
   0.006075,,ff.btok.click,87,e:\kiro\pioner\fr_sostzak.sct,1
   0.003407,,ff.btok.click,88,e:\kiro\pioner\fr_sostzak.sct,1
   0.002813,,ff.btok.click,90,e:\kiro\pioner\fr_sostzak.sct,1
   0.002682,,ff.btok.click,91,e:\kiro\pioner\fr_sostzak.sct,1
   0.002573,,ff.btok.click,93,e:\kiro\pioner\fr_sostzak.sct,1
   0.002876,,ff.btok.click,94,e:\kiro\pioner\fr_sostzak.sct,1
   0.002659,,ff.btok.click,95,e:\kiro\pioner\fr_sostzak.sct,1
   0.003019,,ff.btok.click,98,e:\kiro\pioner\fr_sostzak.sct,1
   0.002875,,ff.btok.click,99,e:\kiro\pioner\fr_sostzak.sct,1
   0.008799,,ff.btok.click,100,e:\kiro\pioner\fr_sostzak.sct,1
   0.006607,,ff.btok.click,101,e:\kiro\pioner\fr_sostzak.sct,1
   0.080645,,ff.btok.click,104,e:\kiro\pioner\fr_sostzak.sct,1
   0.000197,,ff.btok.click,105,e:\kiro\pioner\fr_sostzak.sct,1
   0.000036,,ff.btok.click,109,e:\kiro\pioner\fr_sostzak.sct,1
   0.004627,,ff.btok.click,110,e:\kiro\pioner\fr_sostzak.sct,1
   0.000133,,ff.btok.click,111,e:\kiro\pioner\fr_sostzak.sct,1
   0.349701,,ff.btok.click,114,e:\kiro\pioner\fr_sostzak.sct,1
   0.000139,,ff.btok.click,115,e:\kiro\pioner\fr_sostzak.sct,1
   0.000035,,ff.btok.click,119,e:\kiro\pioner\fr_sostzak.sct,1
   0.007450,,ff.btok.click,120,e:\kiro\pioner\fr_sostzak.sct,1
   0.000169,,ff.btok.click,121,e:\kiro\pioner\fr_sostzak.sct,1
   0.196367,,ff.btok.click,125,e:\kiro\pioner\fr_sostzak.sct,1
   0.000181,,ff.btok.click,126,e:\kiro\pioner\fr_sostzak.sct,1
   0.000035,,ff.btok.click,130,e:\kiro\pioner\fr_sostzak.sct,1
   0.006921,,ff.btok.click,131,e:\kiro\pioner\fr_sostzak.sct,1
   0.000141,,ff.btok.click,132,e:\kiro\pioner\fr_sostzak.sct,1
   0.002310,,ff.btok.click,135,e:\kiro\pioner\fr_sostzak.sct,1
   0.000218,,ff.btok.click,136,e:\kiro\pioner\fr_sostzak.sct,1
   0.000080,,ff.btok.click,140,e:\kiro\pioner\fr_sostzak.sct,1
   0.008145,,ff.btok.click,141,e:\kiro\pioner\fr_sostzak.sct,1
   0.000221,,ff.btok.click,142,e:\kiro\pioner\fr_sostzak.sct,1
   0.000037,,ff.btok.click,144,e:\kiro\pioner\fr_sostzak.sct,1
   0.000294,,ff.btok.click,145,e:\kiro\pioner\fr_sostzak.sct,1
   0.000083,,ff.btok.click,146,e:\kiro\pioner\fr_sostzak.sct,1
   0.004240,,ff.btok.click,79,e:\kiro\pioner\fr_sostzak.sct,1
   0.000055,,waitproc,7,e:\kiro\pioner\waitproc.fxp,2
   0.000049,,waitproc,9,e:\kiro\pioner\waitproc.fxp,2
   0.000030,,waitproc,11,e:\kiro\pioner\waitproc.fxp,2
   0.000023,,waitproc,12,e:\kiro\pioner\waitproc.fxp,2
   0.000049,,waitproc,13,e:\kiro\pioner\waitproc.fxp,2
   0.000029,,waitproc,15,e:\kiro\pioner\waitproc.fxp,2
   0.000058,,waitproc,17,e:\kiro\pioner\waitproc.fxp,2
   0.000030,,waitproc,20,e:\kiro\pioner\waitproc.fxp,2
   0.000023,,waitproc,21,e:\kiro\pioner\waitproc.fxp,2
   0.000271,,waitproc,23,e:\kiro\pioner\waitproc.fxp,2
   0.000078,,waitproc,24,e:\kiro\pioner\waitproc.fxp,2
   0.000033,,waitproc,25,e:\kiro\pioner\waitproc.fxp,2
   0.000022,,waitproc,26,e:\kiro\pioner\waitproc.fxp,2
   0.000026,,waitproc,28,e:\kiro\pioner\waitproc.fxp,2
   0.002859,,ff.btok.click,82,e:\kiro\pioner\fr_sostzak.sct,1
   0.004653,,ff.btok.click,83,e:\kiro\pioner\fr_sostzak.sct,1
   0.004679,,ff.btok.click,84,e:\kiro\pioner\fr_sostzak.sct,1
   0.004129,,ff.btok.click,85,e:\kiro\pioner\fr_sostzak.sct,1
   0.004510,,ff.btok.click,86,e:\kiro\pioner\fr_sostzak.sct,1
   0.003658,,ff.btok.click,87,e:\kiro\pioner\fr_sostzak.sct,1
   0.003471,,ff.btok.click,88,e:\kiro\pioner\fr_sostzak.sct,1
   0.002450,,ff.btok.click,90,e:\kiro\pioner\fr_sostzak.sct,1
   0.003611,,ff.btok.click,91,e:\kiro\pioner\fr_sostzak.sct,1
   0.009237,,ff.btok.click,93,e:\kiro\pioner\fr_sostzak.sct,1
   0.003901,,ff.btok.click,94,e:\kiro\pioner\fr_sostzak.sct,1
   0.002779,,ff.btok.click,95,e:\kiro\pioner\fr_sostzak.sct,1
   0.003188,,ff.btok.click,98,e:\kiro\pioner\fr_sostzak.sct,1
   0.002946,,ff.btok.click,99,e:\kiro\pioner\fr_sostzak.sct,1
   0.018174,,ff.btok.click,100,e:\kiro\pioner\fr_sostzak.sct,1
   0.005928,,ff.btok.click,101,e:\kiro\pioner\fr_sostzak.sct,1
   0.037064,,ff.btok.click,104,e:\kiro\pioner\fr_sostzak.sct,1
   0.000146,,ff.btok.click,105,e:\kiro\pioner\fr_sostzak.sct,1
   0.000037,,ff.btok.click,109,e:\kiro\pioner\fr_sostzak.sct,1
   0.005094,,ff.btok.click,110,e:\kiro\pioner\fr_sostzak.sct,1
   0.000330,,ff.btok.click,111,e:\kiro\pioner\fr_sostzak.sct,1
   0.457072,,ff.btok.click,114,e:\kiro\pioner\fr_sostzak.sct,1
   0.001271,,ff.btok.click,115,e:\kiro\pioner\fr_sostzak.sct,1
   0.000046,,ff.btok.click,119,e:\kiro\pioner\fr_sostzak.sct,1
   0.028641,,ff.btok.click,120,e:\kiro\pioner\fr_sostzak.sct,1
   0.000516,,ff.btok.click,121,e:\kiro\pioner\fr_sostzak.sct,1
   0.203980,,ff.btok.click,125,e:\kiro\pioner\fr_sostzak.sct,1
   0.000222,,ff.btok.click,126,e:\kiro\pioner\fr_sostzak.sct,1
   0.000083,,ff.btok.click,130,e:\kiro\pioner\fr_sostzak.sct,1
   0.006243,,ff.btok.click,131,e:\kiro\pioner\fr_sostzak.sct,1
   0.000115,,ff.btok.click,132,e:\kiro\pioner\fr_sostzak.sct,1
   0.001589,,ff.btok.click,135,e:\kiro\pioner\fr_sostzak.sct,1
   0.000080,,ff.btok.click,136,e:\kiro\pioner\fr_sostzak.sct,1
   0.000032,,ff.btok.click,140,e:\kiro\pioner\fr_sostzak.sct,1
   0.006488,,ff.btok.click,141,e:\kiro\pioner\fr_sostzak.sct,1
   0.000108,,ff.btok.click,142,e:\kiro\pioner\fr_sostzak.sct,1
   0.000018,,ff.btok.click,144,e:\kiro\pioner\fr_sostzak.sct,1
   0.000066,,ff.btok.click,145,e:\kiro\pioner\fr_sostzak.sct,1
   0.000038,,ff.btok.click,146,e:\kiro\pioner\fr_sostzak.sct,1
   0.004642,,ff.btok.click,79,e:\kiro\pioner\fr_sostzak.sct,1
   0.000090,,waitproc,7,e:\kiro\pioner\waitproc.fxp,2
   0.000031,,waitproc,9,e:\kiro\pioner\waitproc.fxp,2
   0.000031,,waitproc,11,e:\kiro\pioner\waitproc.fxp,2
   0.000023,,waitproc,12,e:\kiro\pioner\waitproc.fxp,2
   0.000064,,waitproc,13,e:\kiro\pioner\waitproc.fxp,2
   0.000074,,waitproc,15,e:\kiro\pioner\waitproc.fxp,2
   0.000031,,waitproc,17,e:\kiro\pioner\waitproc.fxp,2
   0.000027,,waitproc,20,e:\kiro\pioner\waitproc.fxp,2
   0.000022,,waitproc,21,e:\kiro\pioner\waitproc.fxp,2
   0.000578,,waitproc,23,e:\kiro\pioner\waitproc.fxp,2
   0.000051,,waitproc,24,e:\kiro\pioner\waitproc.fxp,2
   0.000027,,waitproc,25,e:\kiro\pioner\waitproc.fxp,2
   0.000023,,waitproc,26,e:\kiro\pioner\waitproc.fxp,2
   0.000026,,waitproc,28,e:\kiro\pioner\waitproc.fxp,2
   0.003601,,ff.btok.click,82,e:\kiro\pioner\fr_sostzak.sct,1
   0.004246,,ff.btok.click,83,e:\kiro\pioner\fr_sostzak.sct,1
   0.004162,,ff.btok.click,84,e:\kiro\pioner\fr_sostzak.sct,1
   0.014573,,ff.btok.click,85,e:\kiro\pioner\fr_sostzak.sct,1
   0.005734,,ff.btok.click,86,e:\kiro\pioner\fr_sostzak.sct,1
   0.003686,,ff.btok.click,87,e:\kiro\pioner\fr_sostzak.sct,1
   0.003490,,ff.btok.click,88,e:\kiro\pioner\fr_sostzak.sct,1
   0.003261,,ff.btok.click,90,e:\kiro\pioner\fr_sostzak.sct,1
   0.003117,,ff.btok.click,91,e:\kiro\pioner\fr_sostzak.sct,1
   0.003204,,ff.btok.click,93,e:\kiro\pioner\fr_sostzak.sct,1
   0.003714,,ff.btok.click,94,e:\kiro\pioner\fr_sostzak.sct,1
   0.007539,,ff.btok.click,95,e:\kiro\pioner\fr_sostzak.sct,1
   0.005771,,ff.btok.click,98,e:\kiro\pioner\fr_sostzak.sct,1
   0.004868,,ff.btok.click,99,e:\kiro\pioner\fr_sostzak.sct,1
   0.005587,,ff.btok.click,100,e:\kiro\pioner\fr_sostzak.sct,1
   0.054210,,ff.btok.click,101,e:\kiro\pioner\fr_sostzak.sct,1
   0.088393,,ff.btok.click,104,e:\kiro\pioner\fr_sostzak.sct,1
   0.000136,,ff.btok.click,105,e:\kiro\pioner\fr_sostzak.sct,1
   0.000033,,ff.btok.click,109,e:\kiro\pioner\fr_sostzak.sct,1
   0.009136,,ff.btok.click,110,e:\kiro\pioner\fr_sostzak.sct,1
   0.000133,,ff.btok.click,111,e:\kiro\pioner\fr_sostzak.sct,1
   0.350760,,ff.btok.click,114,e:\kiro\pioner\fr_sostzak.sct,1
   0.000128,,ff.btok.click,115,e:\kiro\pioner\fr_sostzak.sct,1
   0.000034,,ff.btok.click,119,e:\kiro\pioner\fr_sostzak.sct,1
   0.006171,,ff.btok.click,120,e:\kiro\pioner\fr_sostzak.sct,1
   0.000142,,ff.btok.click,121,e:\kiro\pioner\fr_sostzak.sct,1
   0.186193,,ff.btok.click,125,e:\kiro\pioner\fr_sostzak.sct,1
   0.000078,,ff.btok.click,126,e:\kiro\pioner\fr_sostzak.sct,1
   0.000082,,ff.btok.click,130,e:\kiro\pioner\fr_sostzak.sct,1
   0.005153,,ff.btok.click,131,e:\kiro\pioner\fr_sostzak.sct,1
   0.000105,,ff.btok.click,132,e:\kiro\pioner\fr_sostzak.sct,1
   0.002393,,ff.btok.click,135,e:\kiro\pioner\fr_sostzak.sct,1
   0.000206,,ff.btok.click,136,e:\kiro\pioner\fr_sostzak.sct,1
   0.000040,,ff.btok.click,140,e:\kiro\pioner\fr_sostzak.sct,1
   0.006768,,ff.btok.click,141,e:\kiro\pioner\fr_sostzak.sct,1
   0.000148,,ff.btok.click,142,e:\kiro\pioner\fr_sostzak.sct,1
   0.000634,,ff.btok.click,144,e:\kiro\pioner\fr_sostzak.sct,1
   0.000034,,ff.btok.click,145,e:\kiro\pioner\fr_sostzak.sct,1
   0.000122,,ff.btok.click,146,e:\kiro\pioner\fr_sostzak.sct,1
   0.004506,,ff.btok.click,79,e:\kiro\pioner\fr_sostzak.sct,1
   0.000140,,waitproc,7,e:\kiro\pioner\waitproc.fxp,2
   0.000039,,waitproc,9,e:\kiro\pioner\waitproc.fxp,2
   0.000034,,waitproc,11,e:\kiro\pioner\waitproc.fxp,2
   0.000026,,waitproc,12,e:\kiro\pioner\waitproc.fxp,2
   0.000068,,waitproc,13,e:\kiro\pioner\waitproc.fxp,2
   0.000030,,waitproc,15,e:\kiro\pioner\waitproc.fxp,2
   0.000027,,waitproc,17,e:\kiro\pioner\waitproc.fxp,2
   0.000028,,waitproc,20,e:\kiro\pioner\waitproc.fxp,2
   0.000024,,waitproc,21,e:\kiro\pioner\waitproc.fxp,2
   0.000600,,waitproc,23,e:\kiro\pioner\waitproc.fxp,2
   0.000049,,waitproc,24,e:\kiro\pioner\waitproc.fxp,2
   0.000025,,waitproc,25,e:\kiro\pioner\waitproc.fxp,2
   0.000028,,waitproc,26,e:\kiro\pioner\waitproc.fxp,2
   0.000027,,waitproc,28,e:\kiro\pioner\waitproc.fxp,2
   0.004487,,ff.btok.click,82,e:\kiro\pioner\fr_sostzak.sct,1
   0.011844,,ff.btok.click,83,e:\kiro\pioner\fr_sostzak.sct,1
   0.003912,,ff.btok.click,84,e:\kiro\pioner\fr_sostzak.sct,1
   0.005407,,ff.btok.click,85,e:\kiro\pioner\fr_sostzak.sct,1
   0.011806,,ff.btok.click,86,e:\kiro\pioner\fr_sostzak.sct,1
   0.004311,,ff.btok.click,87,e:\kiro\pioner\fr_sostzak.sct,1
   0.004751,,ff.btok.click,88,e:\kiro\pioner\fr_sostzak.sct,1
   0.004543,,ff.btok.click,90,e:\kiro\pioner\fr_sostzak.sct,1
   0.005015,,ff.btok.click,91,e:\kiro\pioner\fr_sostzak.sct,1
   0.008776,,ff.btok.click,93,e:\kiro\pioner\fr_sostzak.sct,1
   0.002938,,ff.btok.click,94,e:\kiro\pioner\fr_sostzak.sct,1
   0.002256,,ff.btok.click,95,e:\kiro\pioner\fr_sostzak.sct,1
   0.003517,,ff.btok.click,98,e:\kiro\pioner\fr_sostzak.sct,1
   0.004160,,ff.btok.click,99,e:\kiro\pioner\fr_sostzak.sct,1
   0.004745,,ff.btok.click,100,e:\kiro\pioner\fr_sostzak.sct,1
   0.004835,,ff.btok.click,101,e:\kiro\pioner\fr_sostzak.sct,1
   0.099294,,ff.btok.click,104,e:\kiro\pioner\fr_sostzak.sct,1
   0.000743,,ff.btok.click,105,e:\kiro\pioner\fr_sostzak.sct,1
   0.000160,,ff.btok.click,109,e:\kiro\pioner\fr_sostzak.sct,1
   0.006753,,ff.btok.click,110,e:\kiro\pioner\fr_sostzak.sct,1
   0.000129,,ff.btok.click,111,e:\kiro\pioner\fr_sostzak.sct,1
   0.386225,,ff.btok.click,114,e:\kiro\pioner\fr_sostzak.sct,1
   0.000130,,ff.btok.click,115,e:\kiro\pioner\fr_sostzak.sct,1
   0.000038,,ff.btok.click,119,e:\kiro\pioner\fr_sostzak.sct,1
   0.005496,,ff.btok.click,120,e:\kiro\pioner\fr_sostzak.sct,1
   0.000168,,ff.btok.click,121,e:\kiro\pioner\fr_sostzak.sct,1
   0.166636,,ff.btok.click,125,e:\kiro\pioner\fr_sostzak.sct,1
   0.000114,,ff.btok.click,126,e:\kiro\pioner\fr_sostzak.sct,1
   0.000037,,ff.btok.click,130,e:\kiro\pioner\fr_sostzak.sct,1
   0.003010,,ff.btok.click,131,e:\kiro\pioner\fr_sostzak.sct,1
   0.000000,,ff.btok.click,132,e:\kiro\pioner\fr_sostzak.sct,1
   0.001461,,ff.btok.click,135,e:\kiro\pioner\fr_sostzak.sct,1
   0.000077,,ff.btok.click,136,e:\kiro\pioner\fr_sostzak.sct,1
   0.000031,,ff.btok.click,140,e:\kiro\pioner\fr_sostzak.sct,1
   0.050994,,ff.btok.click,141,e:\kiro\pioner\fr_sostzak.sct,1
   0.000469,,ff.btok.click,142,e:\kiro\pioner\fr_sostzak.sct,1
   0.000090,,ff.btok.click,144,e:\kiro\pioner\fr_sostzak.sct,1
   0.000042,,ff.btok.click,145,e:\kiro\pioner\fr_sostzak.sct,1
   0.000059,,ff.btok.click,146,e:\kiro\pioner\fr_sostzak.sct,1
   0.002896,,ff.btok.click,148,e:\kiro\pioner\fr_sostzak.sct,1
   0.000082,,ff.btok.click,149,e:\kiro\pioner\fr_sostzak.sct,1
   0.001463,,ff.btok.click,153,e:\kiro\pioner\fr_sostzak.sct,1
   0.048613,,ff.btok.click,154,e:\kiro\pioner\fr_sostzak.sct,1
   0.002485,,ff.btcancel.click,1,e:\kiro\pioner\fr_sostzak.sct,1